[dotenv@17.2.3] injecting env (13) from .env.local -- tip: 🔐 prevent committing .env to code: https://dotenvx.com/precommit
===== 测试AI内容分析功能 =====

✅ 找到测试内容:
   商家: 聚美优棉-酒店布草批发
   标题: 有需要采购酒店布草、杂件和一次性用品的，可以来我这里看看！
#酒店布草 #南宁布草 #酒店用品 #床上用品 #聚美优棉
   转录长度: 418 字符
   播放量: 0
   点赞: 2584 | 评论: 409 | 分享: 270

🤖 开始AI分析...

[ContentAnalyzer] AI返回的顶层字段: [
  'opening_quality',
  'emotion_points',
  'pain_points',
  'user_needs',
  'content_rhythm',
  'overall_assessment',
  'data_quality'
]
[ContentAnalyzer] 缺少 emotionalTrigger.primary，使用默认值"other"
[ContentAnalyzer] 缺少 overallQuality.score，使用默认值50
✅ AI分析完成！耗时: 27856 ms

【分析结果】

1️⃣ 开头质量:
   评分: 7/10
   等级: medium (中)
   有吸引力: 是
   原因: 未提供原因

2️⃣ 情绪点:
   主要情绪: 其他
   情绪强度: 5/10
   描述: 未提供描述

3️⃣ 痛点和需求:
   痛点: 酒店采购难以平衡价格与品质、担心布草质量影响客人体验、缺乏可靠的供应商和产品信息、不了解专业面料参数和品质差异、需要一站式采购但供应商分散
   需求: 性价比高的酒店布草产品、有品牌背书和成功案例的供应商、能看到实物样板的展厅、专业的产品知识和选购建议、布草、杂件、一次性用品一站式采购、可定制化的解决方案

4️⃣ 内容节奏:
   节奏快慢: 中等节奏
   节奏变化: 适中
   描述: 整体节奏平稳，按照'自我介绍→展厅展示→产品介绍→服务承诺'的线性结构推进。缺乏节奏变化和高潮点，信息密度适中但略显平铺直叙。产品介绍部分（60×80贡缎、被芯、毛巾）重复相似句式，容易产生疲劳感。

5️⃣ 综合评价:
   综合评分: 50/100
   优点:

===== 测试完成 =====
